﻿[36mvite v8.0.2 [32mbuilding client environment for production...[36m[39m
[2K
transforming...Γ£ô 25 modules transformed.
rendering chunks...
computing gzip size...
dist/index.html                   0.75 kB Γöé gzip:  0.42 kB
dist/assets/index-CWB4RDtq.css    1.44 kB Γöé gzip:  0.62 kB
dist/assets/index-C98mwH_q.js   202.32 kB Γöé gzip: 63.61 kB

node.exe : [31mΓ£ù[39m Build failed in 175ms
At C:\Program Files\nodejs\npx.ps1:29 char:3
+   & $NODE_EXE $NPX_CLI_JS $args
+   ~~~~~~~~~~~~~~~~~~~~~~~~~~~~~
    + CategoryInfo          : NotSpecified: ([31mΓ£ù[39m Build failed in 
    175ms:String) [], RemoteException
    + FullyQualifiedErrorId : NativeCommandError
 
[31merror during build:
[31mBuild failed with 1 error:

Error: [vite]: Rolldown failed to resolve import "lucide-react" from 
"D:/AI-DOC-SUMMARIZER/frontend/src/components/FilePreviewBadge.jsx".
This is most likely unintended because it can break your application at 
runtime.
If you do want to externalize this module explicitly add it to
`build.rollupOptions.external`
    at viteLog (file:///D:/AI-DOC-SUMMARIZER/frontend/node_modules/vite/dis
t/node/chunks/node.js:32922:57)
    at file:///D:/AI-DOC-SUMMARIZER/frontend/node_modules/vite/dist/node/ch
unks/node.js:32958:71
    at onwarn (file:///D:/AI-DOC-SUMMARIZER/frontend/node_modules/@vitejs/p
lugin-react/dist/index.js:40:7)
    at file:///D:/AI-DOC-SUMMARIZER/frontend/node_modules/vite/dist/node/ch
unks/node.js:32958:28
    at onRollupLog (file:///D:/AI-DOC-SUMMARIZER/frontend/node_modules/vite
/dist/node/chunks/node.js:32953:63)
    at onLog (file:///D:/AI-DOC-SUMMARIZER/frontend/node_modules/vite/dist/
node/chunks/node.js:32723:4)
    at file:///D:/AI-DOC-SUMMARIZER/frontend/node_modules/rolldown/dist/sha
red/rolldown-build-CL9PyQ2E.mjs:49:26
    at logger (file:///D:/AI-DOC-SUMMARIZER/frontend/node_modules/rolldown/
dist/shared/rolldown-build-CL9PyQ2E.mjs:40:3)
    at onLog (file:///D:/AI-DOC-SUMMARIZER/frontend/node_modules/rolldown/d
ist/shared/bindingify-input-options-DVAZE22h.mjs:1972:32)[31m
    at aggregateBindingErrorsIntoJsError (file:///D:/AI-DOC-SUMMARIZER/fron
tend/node_modules/rolldown/dist/shared/error-D8cGyrC7.mjs:48:18)
    at unwrapBindingResult (file:///D:/AI-DOC-SUMMARIZER/frontend/node_modu
les/rolldown/dist/shared/error-D8cGyrC7.mjs:18:128)
    at #build (file:///D:/AI-DOC-SUMMARIZER/frontend/node_modules/rolldown/
dist/shared/rolldown-build-CL9PyQ2E.mjs:3313:34)
    at async buildEnvironment (file:///D:/AI-DOC-SUMMARIZER/frontend/node_m
odules/vite/dist/node/chunks/node.js:32829:64)
    at async Object.build (file:///D:/AI-DOC-SUMMARIZER/frontend/node_modul
es/vite/dist/node/chunks/node.js:33251:19)
    at async Object.buildApp (file:///D:/AI-DOC-SUMMARIZER/frontend/node_mo
dules/vite/dist/node/chunks/node.js:33248:153)
    at async CAC.<anonymous> (file:///D:/AI-DOC-SUMMARIZER/frontend/node_mo
dules/vite/dist/node/cli.js:778:3) {
  errors: [Getter/Setter]
}[39m
